Archive member included to satisfy reference by file (symbol)

/opt/st/stm32cubeide_1.16.1/plugins/com.st.stm32cube.ide.mcu.externaltools.gnu-tools-for-stm32.12.3.rel1.linux64_1.0.200.202406132123/tools/bin/../lib/gcc/arm-none-eabi/12.3.1/../../../../arm-none-eabi/lib/thumb/v7e-m+fp/hard/libc_nano.a(libc_a-exit.o)
                              /opt/st/stm32cubeide_1.16.1/plugins/com.st.stm32cube.ide.mcu.externaltools.gnu-tools-for-stm32.12.3.rel1.linux64_1.0.200.202406132123/tools/bin/../lib/gcc/arm-none-eabi/12.3.1/../../../../arm-none-eabi/lib/thumb/v7e-m+fp/hard/crt0.o (exit)
/opt/st/stm32cubeide_1.16.1/plugins/com.st.stm32cube.ide.mcu.externaltools.gnu-tools-for-stm32.12.3.rel1.linux64_1.0.200.202406132123/tools/bin/../lib/gcc/arm-none-eabi/12.3.1/../../../../arm-none-eabi/lib/thumb/v7e-m+fp/hard/libc_nano.a(libc_a-findfp.o)
                              ./Middlewares/FreeRTOS/Source/tasks.o (__sf)
/opt/st/stm32cubeide_1.16.1/plugins/com.st.stm32cube.ide.mcu.externaltools.gnu-tools-for-stm32.12.3.rel1.linux64_1.0.200.202406132123/tools/bin/../lib/gcc/arm-none-eabi/12.3.1/../../../../arm-none-eabi/lib/thumb/v7e-m+fp/hard/libc_nano.a(libc_a-fwalk.o)
                              /opt/st/stm32cubeide_1.16.1/plugins/com.st.stm32cube.ide.mcu.externaltools.gnu-tools-for-stm32.12.3.rel1.linux64_1.0.200.202406132123/tools/bin/../lib/gcc/arm-none-eabi/12.3.1/../../../../arm-none-eabi/lib/thumb/v7e-m+fp/hard/libc_nano.a(libc_a-findfp.o) (_fwalk_sglue)
/opt/st/stm32cubeide_1.16.1/plugins/com.st.stm32cube.ide.mcu.externaltools.gnu-tools-for-stm32.12.3.rel1.linux64_1.0.200.202406132123/tools/bin/../lib/gcc/arm-none-eabi/12.3.1/../../../../arm-none-eabi/lib/thumb/v7e-m+fp/hard/libc_nano.a(libc_a-stdio.o)
                              /opt/st/stm32cubeide_1.16.1/plugins/com.st.stm32cube.ide.mcu.externaltools.gnu-tools-for-stm32.12.3.rel1.linux64_1.0.200.202406132123/tools/bin/../lib/gcc/arm-none-eabi/12.3.1/../../../../arm-none-eabi/lib/thumb/v7e-m+fp/hard/libc_nano.a(libc_a-findfp.o) (__sread)
/opt/st/stm32cubeide_1.16.1/plugins/com.st.stm32cube.ide.mcu.externaltools.gnu-tools-for-stm32.12.3.rel1.linux64_1.0.200.202406132123/tools/bin/../lib/gcc/arm-none-eabi/12.3.1/../../../../arm-none-eabi/lib/thumb/v7e-m+fp/hard/libc_nano.a(libc_a-memset.o)
                              /opt/st/stm32cubeide_1.16.1/plugins/com.st.stm32cube.ide.mcu.externaltools.gnu-tools-for-stm32.12.3.rel1.linux64_1.0.200.202406132123/tools/bin/../lib/gcc/arm-none-eabi/12.3.1/../../../../arm-none-eabi/lib/thumb/v7e-m+fp/hard/crt0.o (memset)
/opt/st/stm32cubeide_1.16.1/plugins/com.st.stm32cube.ide.mcu.externaltools.gnu-tools-for-stm32.12.3.rel1.linux64_1.0.200.202406132123/tools/bin/../lib/gcc/arm-none-eabi/12.3.1/../../../../arm-none-eabi/lib/thumb/v7e-m+fp/hard/libc_nano.a(libc_a-closer.o)
                              /opt/st/stm32cubeide_1.16.1/plugins/com.st.stm32cube.ide.mcu.externaltools.gnu-tools-for-stm32.12.3.rel1.linux64_1.0.200.202406132123/tools/bin/../lib/gcc/arm-none-eabi/12.3.1/../../../../arm-none-eabi/lib/thumb/v7e-m+fp/hard/libc_nano.a(libc_a-stdio.o) (_close_r)
/opt/st/stm32cubeide_1.16.1/plugins/com.st.stm32cube.ide.mcu.externaltools.gnu-tools-for-stm32.12.3.rel1.linux64_1.0.200.202406132123/tools/bin/../lib/gcc/arm-none-eabi/12.3.1/../../../../arm-none-eabi/lib/thumb/v7e-m+fp/hard/libc_nano.a(libc_a-reent.o)
                              ./Middlewares/FreeRTOS/Source/tasks.o (_reclaim_reent)
/opt/st/stm32cubeide_1.16.1/plugins/com.st.stm32cube.ide.mcu.externaltools.gnu-tools-for-stm32.12.3.rel1.linux64_1.0.200.202406132123/tools/bin/../lib/gcc/arm-none-eabi/12.3.1/../../../../arm-none-eabi/lib/thumb/v7e-m+fp/hard/libc_nano.a(libc_a-impure.o)
                              ./Middlewares/FreeRTOS/Source/tasks.o (_impure_ptr)
/opt/st/stm32cubeide_1.16.1/plugins/com.st.stm32cube.ide.mcu.externaltools.gnu-tools-for-stm32.12.3.rel1.linux64_1.0.200.202406132123/tools/bin/../lib/gcc/arm-none-eabi/12.3.1/../../../../arm-none-eabi/lib/thumb/v7e-m+fp/hard/libc_nano.a(libc_a-lseekr.o)
                              /opt/st/stm32cubeide_1.16.1/plugins/com.st.stm32cube.ide.mcu.externaltools.gnu-tools-for-stm32.12.3.rel1.linux64_1.0.200.202406132123/tools/bin/../lib/gcc/arm-none-eabi/12.3.1/../../../../arm-none-eabi/lib/thumb/v7e-m+fp/hard/libc_nano.a(libc_a-stdio.o) (_lseek_r)
/opt/st/stm32cubeide_1.16.1/plugins/com.st.stm32cube.ide.mcu.externaltools.gnu-tools-for-stm32.12.3.rel1.linux64_1.0.200.202406132123/tools/bin/../lib/gcc/arm-none-eabi/12.3.1/../../../../arm-none-eabi/lib/thumb/v7e-m+fp/hard/libc_nano.a(libc_a-readr.o)
                              /opt/st/stm32cubeide_1.16.1/plugins/com.st.stm32cube.ide.mcu.externaltools.gnu-tools-for-stm32.12.3.rel1.linux64_1.0.200.202406132123/tools/bin/../lib/gcc/arm-none-eabi/12.3.1/../../../../arm-none-eabi/lib/thumb/v7e-m+fp/hard/libc_nano.a(libc_a-stdio.o) (_read_r)
[...]
Memory Configuration

Name             Origin             Length             Attributes
CCMRAM           0x10000000         0x00010000         xrw
RAM              0x20000000         0x00030000         xrw
FLASH            0x08000000         0x00200000         xr
*default*        0x00000000         0xffffffff

Linker script and memory map

LOAD /opt/st/stm32cubeide_1.16.1/plugins/com.st.stm32cube.ide.mcu.externaltools.gnu-tools-for-stm32.12.3.rel1.linux64_1.0.200.202406132123/tools/bin/../lib/gcc/arm-none-eabi/12.3.1/thumb/v7e-m+fp/hard/crti.o
LOAD /opt/st/stm32cubeide_1.16.1/plugins/com.st.stm32cube.ide.mcu.externaltools.gnu-tools-for-stm32.12.3.rel1.linux64_1.0.200.202406132123/tools/bin/../lib/gcc/arm-none-eabi/12.3.1/thumb/v7e-m+fp/hard/crtbegin.o
LOAD /opt/st/stm32cubeide_1.16.1/plugins/com.st.stm32cube.ide.mcu.externaltools.gnu-tools-for-stm32.12.3.rel1.linux64_1.0.200.202406132123/tools/bin/../lib/gcc/arm-none-eabi/12.3.1/../../../../arm-none-eabi/lib/thumb/v7e-m+fp/hard/crt0.o
LOAD ./Middlewares/FreeRTOS/Source/CMSIS_RTOS_V2/cmsis_os2.o
LOAD ./Middlewares/FreeRTOS/Source/croutine.o
LOAD ./Middlewares/FreeRTOS/Source/event_groups.o
LOAD ./Middlewares/FreeRTOS/Source/list.o
LOAD ./Middlewares/FreeRTOS/Source/queue.o
LOAD ./Middlewares/FreeRTOS/Source/stream_buffer.o
LOAD ./Middlewares/FreeRTOS/Source/tasks.o
LOAD ./Middlewares/FreeRTOS/Source/timers.o
LOAD ./Middlewares/FreeRTOS/Source/portable/GCC/ARM_CM4F/port.o
LOAD ./Middlewares/FreeRTOS/Source/portable/MemMang/heap_4.o
LOAD ./Src/Peripherals/clock.o
LOAD ./Src/Peripherals/gpio.o
LOAD ./Src/Threads/basic_task.o
LOAD ./Src/main.o
LOAD ./Src/syscalls.o
LOAD ./Src/sysmem.o
LOAD ./Src/system_stm32f4xx.o
LOAD ./Startup/startup_stm32f429xx.o
START GROUP
LOAD /opt/st/stm32cubeide_1.16.1/plugins/com.st.stm32cube.ide.mcu.externaltools.gnu-tools-for-stm32.12.3.rel1.linux64_1.0.200.202406132123/tools/bin/../lib/gcc/arm-none-eabi/12.3.1/../../../../arm-none-eabi/lib/thumb/v7e-m+fp/hard/libc_nano.a
LOAD /opt/st/stm32cubeide_1.16.1/plugins/com.st.stm32cube.ide.mcu.externaltools.gnu-tools-for-stm32.12.3.rel1.linux64_1.0.200.202406132123/tools/bin/../lib/gcc/arm-none-eabi/12.3.1/../../../../arm-none-eabi/lib/thumb/v7e-m+fp/hard/libm.a
END GROUP
START GROUP
LOAD /opt/st/stm32cubeide_1.16.1/plugins/com.st.stm32cube.ide.mcu.externaltools.gnu-tools-for-stm32.12.3.rel1.linux64_1.0.200.202406132123/tools/bin/../lib/gcc/arm-none-eabi/12.3.1/thumb/v7e-m+fp/hard/libgcc.a
LOAD /opt/st/stm32cubeide_1.16.1/plugins/com.st.stm32cube.ide.mcu.externaltools.gnu-tools-for-stm32.12.3.rel1.linux64_1.0.200.202406132123/tools/bin/../lib/gcc/arm-none-eabi/12.3.1/../../../../arm-none-eabi/lib/thumb/v7e-m+fp/hard/libc_nano.a
END GROUP
START GROUP
LOAD /opt/st/stm32cubeide_1.16.1/plugins/com.st.stm32cube.ide.mcu.externaltools.gnu-tools-for-stm32.12.3.rel1.linux64_1.0.200.202406132123/tools/bin/../lib/gcc/arm-none-eabi/12.3.1/thumb/v7e-m+fp/hard/libgcc.a
LOAD /opt/st/stm32cubeide_1.16.1/plugins/com.st.stm32cube.ide.mcu.externaltools.gnu-tools-for-stm32.12.3.rel1.linux64_1.0.200.202406132123/tools/bin/../lib/gcc/arm-none-eabi/12.3.1/../../../../arm-none-eabi/lib/thumb/v7e-m+fp/hard/libc_nano.a
LOAD /opt/st/stm32cubeide_1.16.1/plugins/com.st.stm32cube.ide.mcu.externaltools.gnu-tools-for-stm32.12.3.rel1.linux64_1.0.200.202406132123/tools/bin/../lib/gcc/arm-none-eabi/12.3.1/../../../../arm-none-eabi/lib/thumb/v7e-m+fp/hard/libnosys.a
END GROUP
START GROUP
LOAD /opt/st/stm32cubeide_1.16.1/plugins/com.st.stm32cube.ide.mcu.externaltools.gnu-tools-for-stm32.12.3.rel1.linux64_1.0.200.202406132123/tools/bin/../lib/gcc/arm-none-eabi/12.3.1/thumb/v7e-m+fp/hard/libgcc.a
LOAD /opt/st/stm32cubeide_1.16.1/plugins/com.st.stm32cube.ide.mcu.externaltools.gnu-tools-for-stm32.12.3.rel1.linux64_1.0.200.202406132123/tools/bin/../lib/gcc/arm-none-eabi/12.3.1/../../../../arm-none-eabi/lib/thumb/v7e-m+fp/hard/libc_nano.a
LOAD /opt/st/stm32cubeide_1.16.1/plugins/com.st.stm32cube.ide.mcu.externaltools.gnu-tools-for-stm32.12.3.rel1.linux64_1.0.200.202406132123/tools/bin/../lib/gcc/arm-none-eabi/12.3.1/../../../../arm-none-eabi/lib/thumb/v7e-m+fp/hard/libnosys.a
END GROUP
LOAD /opt/st/stm32cubeide_1.16.1/plugins/com.st.stm32cube.ide.mcu.externaltools.gnu-tools-for-stm32.12.3.rel1.linux64_1.0.200.202406132123/tools/bin/../lib/gcc/arm-none-eabi/12.3.1/thumb/v7e-m+fp/hard/crtend.o
LOAD /opt/st/stm32cubeide_1.16.1/plugins/com.st.stm32cube.ide.mcu.externaltools.gnu-tools-for-stm32.12.3.rel1.linux64_1.0.200.202406132123/tools/bin/../lib/gcc/arm-none-eabi/12.3.1/thumb/v7e-m+fp/hard/crtn.o
                0x20030000                        _estack = (ORIGIN (RAM) + LENGTH (RAM))
                0x00000200                        _Min_Heap_Size = 0x200
                0x00000400                        _Min_Stack_Size = 0x400

.isr_vector     0x08000000      0x1ac
                0x08000000                        . = ALIGN (0x4)
 *(.isr_vector)
 .isr_vector    0x08000000      0x1ac ./Startup/startup_stm32f429xx.o
                0x08000000                g_pfnVectors
                0x080001ac                        . = ALIGN (0x4)

.text           0x080001b0     0x3048
                0x080001b0                        . = ALIGN (0x4)
 *(.text)
 .text          0x080001b0       0x40 /opt/st/stm32cubeide_1.16.1/plugins/com.st.stm32cube.ide.mcu.externaltools.gnu-tools-for-stm32.12.3.rel1.linux64_1.0.200.202406132123/tools/bin/../lib/gcc/arm-none-eabi/12.3.1/thumb/v7e-m+fp/hard/crtbegin.o
 *(.text*)
 .text.__NVIC_SetPriority
                0x080001f0       0x54 ./Middlewares/FreeRTOS/Source/CMSIS_RTOS_V2/cmsis_os2.o
 .text.SysTick_Handler
                0x08000244       0x20 ./Middlewares/FreeRTOS/Source/CMSIS_RTOS_V2/cmsis_os2.o
                0x08000244                SysTick_Handler
 .text.SVC_Setup
                0x08000264       0x12 ./Middlewares/FreeRTOS/Source/CMSIS_RTOS_V2/cmsis_os2.o
 *fill*         0x08000276        0x2 
 .text.osKernelInitialize
                0x08000278       0x48 ./Middlewares/FreeRTOS/Source/CMSIS_RTOS_V2/cmsis_os2.o
                0x08000278                osKernelInitialize
 .text.osKernelStart
                0x080002c0       0x4c ./Middlewares/FreeRTOS/Source/CMSIS_RTOS_V2/cmsis_os2.o
                0x080002c0                osKernelStart
 .text.osThreadNew
                0x0800030c      0x124 ./Middlewares/FreeRTOS/Source/CMSIS_RTOS_V2/cmsis_os2.o
                0x0800030c                osThreadNew
 .text.vApplicationGetIdleTaskMemory
                0x08000430       0x34 ./Middlewares/FreeRTOS/Source/CMSIS_RTOS_V2/cmsis_os2.o
                0x08000430                vApplicationGetIdleTaskMemory
 .text.vApplicationGetTimerTaskMemory
                0x08000464       0x34 ./Middlewares/FreeRTOS/Source/CMSIS_RTOS_V2/cmsis_os2.o
                0x08000464                vApplicationGetTimerTaskMemory
 .text.vListInitialise
                0x08000498       0x40 ./Middlewares/FreeRTOS/Source/list.o
                0x08000498                vListInitialise
 .text.vListInitialiseItem
                0x080004d8       0x1a ./Middlewares/FreeRTOS/Source/list.o
                0x080004d8                vListInitialiseItem
 .text.vListInsertEnd
                0x080004f2       0x48 ./Middlewares/FreeRTOS/Source/list.o
                0x080004f2                vListInsertEnd
 .text.vListInsert
                0x0800053a       0x72 ./Middlewares/FreeRTOS/Source/list.o
                0x0800053a                vListInsert
 .text.uxListRemove
                0x080005ac       0x54 ./Middlewares/FreeRTOS/Source/list.o
                0x080005ac                uxListRemove
 .text.xQueueGenericReset
                0x08000600       0xd4 ./Middlewares/FreeRTOS/Source/queue.o
                0x08000600                xQueueGenericReset
 .text.xQueueGenericCreateStatic
                0x080006d4       0xfa ./Middlewares/FreeRTOS/Source/queue.o
                0x080006d4                xQueueGenericCreateStatic
 .text.prvInitialiseNewQueue
                0x080007ce       0x46 ./Middlewares/FreeRTOS/Source/queue.o
 .text.xQueueGenericSend
                0x08000814      0x204 ./Middlewares/FreeRTOS/Source/queue.o
                0x08000814                xQueueGenericSend
 .text.xQueueGenericSendFromISR
                0x08000a18      0x13c ./Middlewares/FreeRTOS/Source/queue.o
                0x08000a18                xQueueGenericSendFromISR
 .text.xQueueReceive
                0x08000b54      0x1c4 ./Middlewares/FreeRTOS/Source/queue.o
                0x08000b54                xQueueReceive
 .text.prvCopyDataToQueue
                0x08000d18       0xd4 ./Middlewares/FreeRTOS/Source/queue.o
 .text.prvCopyDataFromQueue
                0x08000dec       0x4c ./Middlewares/FreeRTOS/Source/queue.o
 .text.prvUnlockQueue
                0x08000e38       0xa4 ./Middlewares/FreeRTOS/Source/queue.o
 .text.prvIsQueueEmpty
                0x08000edc       0x2c ./Middlewares/FreeRTOS/Source/queue.o
 .text.prvIsQueueFull
                0x08000f08       0x30 ./Middlewares/FreeRTOS/Source/queue.o
 .text.vQueueAddToRegistry
                0x08000f38       0x54 ./Middlewares/FreeRTOS/Source/queue.o
                0x08000f38                vQueueAddToRegistry
 .text.vQueueWaitForMessageRestricted
                0x08000f8c       0x68 ./Middlewares/FreeRTOS/Source/queue.o
                0x08000f8c                vQueueWaitForMessageRestricted
 .text.xTaskCreateStatic
                0x08000ff4       0xc0 ./Middlewares/FreeRTOS/Source/tasks.o
                0x08000ff4                xTaskCreateStatic
 .text.xTaskCreate
                0x080010b4       0x8a ./Middlewares/FreeRTOS/Source/tasks.o
                0x080010b4                xTaskCreate
 *fill*         0x0800113e        0x2 
 .text.prvInitialiseNewTask
                0x08001140      0x150 ./Middlewares/FreeRTOS/Source/tasks.o
 .text.prvAddNewTaskToReadyList
                0x08001290       0xe0 ./Middlewares/FreeRTOS/Source/tasks.o
 .text.vTaskDelay
                0x08001370       0x6c ./Middlewares/FreeRTOS/Source/tasks.o
                0x08001370                vTaskDelay
 .text.vTaskStartScheduler
                0x080013dc       0xe0 ./Middlewares/FreeRTOS/Source/tasks.o
                0x080013dc                vTaskStartScheduler
 .text.vTaskSuspendAll
                0x080014bc       0x1c ./Middlewares/FreeRTOS/Source/tasks.o
                0x080014bc                vTaskSuspendAll
 .text.xTaskResumeAll
                0x080014d8      0x13c ./Middlewares/FreeRTOS/Source/tasks.o
                0x080014d8                xTaskResumeAll
 .text.xTaskGetTickCount
                0x08001614       0x20 ./Middlewares/FreeRTOS/Source/tasks.o
                0x08001614                xTaskGetTickCount
 .text.xTaskIncrementTick
                0x08001634      0x174 ./Middlewares/FreeRTOS/Source/tasks.o
                0x08001634                xTaskIncrementTick
 .text.vTaskSwitchContext
                0x080017a8       0xcc ./Middlewares/FreeRTOS/Source/tasks.o
                0x080017a8                vTaskSwitchContext
 .text.vTaskPlaceOnEventList
                0x08001874       0x4c ./Middlewares/FreeRTOS/Source/tasks.o
                0x08001874                vTaskPlaceOnEventList
 .text.vTaskPlaceOnEventListRestricted
                0x080018c0       0x58 ./Middlewares/FreeRTOS/Source/tasks.o
                0x080018c0                vTaskPlaceOnEventListRestricted
 .text.xTaskRemoveFromEventList
                0x08001918       0xc8 ./Middlewares/FreeRTOS/Source/tasks.o
                0x08001918                xTaskRemoveFromEventList
 .text.vTaskInternalSetTimeOutState
                0x080019e0       0x2c ./Middlewares/FreeRTOS/Source/tasks.o
                0x080019e0                vTaskInternalSetTimeOutState
 .text.xTaskCheckForTimeOut
                0x08001a0c       0xc8 ./Middlewares/FreeRTOS/Source/tasks.o
                0x08001a0c                xTaskCheckForTimeOut
 .text.vTaskMissedYield
                0x08001ad4       0x18 ./Middlewares/FreeRTOS/Source/tasks.o
                0x08001ad4                vTaskMissedYield
 .text.prvIdleTask
                0x08001aec       0x30 ./Middlewares/FreeRTOS/Source/tasks.o
 .text.prvInitialiseTaskLists
                0x08001b1c       0x80 ./Middlewares/FreeRTOS/Source/tasks.o
 .text.prvCheckTasksWaitingTermination
                0x08001b9c       0x5c ./Middlewares/FreeRTOS/Source/tasks.o
 .text.prvDeleteTCB
                0x08001bf8       0x6a ./Middlewares/FreeRTOS/Source/tasks.o
 *fill*         0x08001c62        0x2 
 .text.prvResetNextTaskUnblockTime
                0x08001c64       0x40 ./Middlewares/FreeRTOS/Source/tasks.o
 .text.xTaskGetSchedulerState
                0x08001ca4       0x3c ./Middlewares/FreeRTOS/Source/tasks.o
                0x08001ca4                xTaskGetSchedulerState
 .text.xTaskPriorityDisinherit
                0x08001ce0       0xe0 ./Middlewares/FreeRTOS/Source/tasks.o
                0x08001ce0                xTaskPriorityDisinherit
 .text.prvAddCurrentTaskToDelayedList
                0x08001dc0       0xa8 ./Middlewares/FreeRTOS/Source/tasks.o
 .text.xTimerCreateTimerTask
                0x08001e68       0x94 ./Middlewares/FreeRTOS/Source/timers.o
                0x08001e68                xTimerCreateTimerTask
 .text.xTimerGenericCommand
                0x08001efc       0x9c ./Middlewares/FreeRTOS/Source/timers.o
                0x08001efc                xTimerGenericCommand
 .text.prvProcessExpiredTimer
                0x08001f98       0x9c ./Middlewares/FreeRTOS/Source/timers.o
 .text.prvTimerTask
                0x08002034       0x26 ./Middlewares/FreeRTOS/Source/timers.o
 *fill*         0x0800205a        0x2 
 .text.prvProcessTimerOrBlockTask
                0x0800205c       0x9c ./Middlewares/FreeRTOS/Source/timers.o
 .text.prvGetNextExpireTime
                0x080020f8       0x48 ./Middlewares/FreeRTOS/Source/timers.o
 .text.prvSampleTimeNow
                0x08002140       0x40 ./Middlewares/FreeRTOS/Source/timers.o
 .text.prvInsertTimerInActiveList
                0x08002180       0x84 ./Middlewares/FreeRTOS/Source/timers.o
 .text.prvProcessReceivedCommands
                0x08002204      0x1cc ./Middlewares/FreeRTOS/Source/timers.o
 .text.prvSwitchTimerLists
                0x080023d0       0xcc ./Middlewares/FreeRTOS/Source/timers.o
 .text.prvCheckForValidListAndQueue
                0x0800249c       0x80 ./Middlewares/FreeRTOS/Source/timers.o
 .text.pxPortInitialiseStack
                0x0800251c       0x68 ./Middlewares/FreeRTOS/Source/portable/GCC/ARM_CM4F/port.o
                0x0800251c                pxPortInitialiseStack
 .text.prvTaskExitError
                0x08002584       0x5c ./Middlewares/FreeRTOS/Source/portable/GCC/ARM_CM4F/port.o
 .text.SVC_Handler
                0x080025e0       0x28 ./Middlewares/FreeRTOS/Source/portable/GCC/ARM_CM4F/port.o
                0x080025e0                SVC_Handler
 .text.prvPortStartFirstTask
                0x08002608       0x28 ./Middlewares/FreeRTOS/Source/portable/GCC/ARM_CM4F/port.o
 .text.xPortStartScheduler
                0x08002630      0x148 ./Middlewares/FreeRTOS/Source/portable/GCC/ARM_CM4F/port.o
                0x08002630                xPortStartScheduler
 .text.vPortEnterCritical
                0x08002778       0x64 ./Middlewares/FreeRTOS/Source/portable/GCC/ARM_CM4F/port.o
                0x08002778                vPortEnterCritical
 .text.vPortExitCritical
                0x080027dc       0x54 ./Middlewares/FreeRTOS/Source/portable/GCC/ARM_CM4F/port.o
                0x080027dc                vPortExitCritical
 .text.PendSV_Handler
                0x08002830       0x68 ./Middlewares/FreeRTOS/Source/portable/GCC/ARM_CM4F/port.o
                0x08002830                PendSV_Handler
 .text.xPortSysTickHandler
                0x08002898       0x44 ./Middlewares/FreeRTOS/Source/portable/GCC/ARM_CM4F/port.o
                0x08002898                xPortSysTickHandler
 .text.vPortSetupTimerInterrupt
                0x080028dc       0x48 ./Middlewares/FreeRTOS/Source/portable/GCC/ARM_CM4F/port.o
                0x080028dc                vPortSetupTimerInterrupt
 .text.vPortEnableVFP
                0x08002924       0x14 ./Middlewares/FreeRTOS/Source/portable/GCC/ARM_CM4F/port.o
 .text.vPortValidateInterruptPriority
                0x08002938       0x84 ./Middlewares/FreeRTOS/Source/portable/GCC/ARM_CM4F/port.o
                0x08002938                vPortValidateInterruptPriority
 .text.pvPortMalloc
                0x080029bc      0x19c ./Middlewares/FreeRTOS/Source/portable/MemMang/heap_4.o
                0x080029bc                pvPortMalloc
 .text.vPortFree
                0x08002b58       0xc8 ./Middlewares/FreeRTOS/Source/portable/MemMang/heap_4.o
                0x08002b58                vPortFree
 .text.prvHeapInit
                0x08002c20       0xc4 ./Middlewares/FreeRTOS/Source/portable/MemMang/heap_4.o
 .text.prvInsertBlockIntoFreeList
                0x08002ce4       0xb4 ./Middlewares/FreeRTOS/Source/portable/MemMang/heap_4.o
 .text.clock_init
                0x08002d98       0x2c ./Src/Peripherals/clock.o
                0x08002d98                clock_init
 .text.gpio_init
                0x08002dc4       0x3c ./Src/Peripherals/gpio.o
                0x08002dc4                gpio_init
 .text.gpio_toggle
                0x08002e00       0x20 ./Src/Peripherals/gpio.o
                0x08002e00                gpio_toggle
 .text.basic_task
                0x08002e20       0x14 ./Src/Threads/basic_task.o
                0x08002e20                basic_task
 .text.main     0x08002e34       0x64 ./Src/main.o
                0x08002e34                main
 .text.SystemInit
                0x08002e98       0x24 ./Src/system_stm32f4xx.o
                0x08002e98                SystemInit
 .text.SystemCoreClockUpdate
                0x08002ebc      0x100 ./Src/system_stm32f4xx.o
                0x08002ebc                SystemCoreClockUpdate
 .text.Reset_Handler
                0x08002fbc       0x50 ./Startup/startup_stm32f429xx.o
                0x08002fbc                Reset_Handler
 .text.Default_Handler
                0x0800300c        0x2 ./Startup/startup_stm32f429xx.o
                0x0800300c                RTC_Alarm_IRQHandler
                0x0800300c                HASH_RNG_IRQHandler
                0x0800300c                EXTI2_IRQHandler
                0x0800300c                TIM8_CC_IRQHandler
                0x0800300c                DebugMon_Handler
                0x0800300c                UART8_IRQHandler
                0x0800300c                SPI4_IRQHandler
                0x0800300c                TIM1_CC_IRQHandler
                0x0800300c                DMA2_Stream5_IRQHandler
                0x0800300c                HardFault_Handler
                0x0800300c                DMA1_Stream5_IRQHandler
                0x0800300c                PVD_IRQHandler
                0x0800300c                SDIO_IRQHandler
                0x0800300c                TAMP_STAMP_IRQHandler
                0x0800300c                NMI_Handler
                0x0800300c                CAN2_RX1_IRQHandler
                0x0800300c                EXTI3_IRQHandler
                0x0800300c                TIM8_TRG_COM_TIM14_IRQHandler
                0x0800300c                TIM1_UP_TIM10_IRQHandler
                0x0800300c                TIM8_UP_TIM13_IRQHandler
                0x0800300c                I2C3_ER_IRQHandler
                0x0800300c                EXTI0_IRQHandler
                0x0800300c                I2C2_EV_IRQHandler
                0x0800300c                DMA1_Stream2_IRQHandler
                0x0800300c                CAN1_RX0_IRQHandler
                0x0800300c                FPU_IRQHandler
                0x0800300c                OTG_HS_WKUP_IRQHandler
                0x0800300c                UsageFault_Handler
                0x0800300c                LTDC_ER_IRQHandler
                0x0800300c                CAN2_SCE_IRQHandler
                0x0800300c                DMA2_Stream2_IRQHandler
                0x0800300c                SPI1_IRQHandler
                0x0800300c                TIM6_DAC_IRQHandler
                0x0800300c                TIM1_BRK_TIM9_IRQHandler
                0x0800300c                DCMI_IRQHandler
                0x0800300c                CAN2_RX0_IRQHandler
                0x0800300c                DMA2_Stream3_IRQHandler
                0x0800300c                USART6_IRQHandler
                0x0800300c                USART3_IRQHandler
                0x0800300c                CAN1_RX1_IRQHandler
                0x0800300c                UART5_IRQHandler
                0x0800300c                DMA2_Stream0_IRQHandler
                0x0800300c                TIM4_IRQHandler
                0x0800300c                I2C1_EV_IRQHandler
                0x0800300c                DMA1_Stream6_IRQHandler
                0x0800300c                DMA1_Stream1_IRQHandler
                0x0800300c                UART4_IRQHandler
                0x0800300c                TIM3_IRQHandler
                0x0800300c                RCC_IRQHandler
                0x0800300c                TIM8_BRK_TIM12_IRQHandler
                0x0800300c                Default_Handler
                0x0800300c                EXTI15_10_IRQHandler
                0x0800300c                ADC_IRQHandler
                0x0800300c                DMA1_Stream7_IRQHandler
                0x0800300c                SPI5_IRQHandler
                0x0800300c                TIM7_IRQHandler
                0x0800300c                CAN2_TX_IRQHandler
                0x0800300c                TIM5_IRQHandler
                0x0800300c                DMA2_Stream7_IRQHandler
                0x0800300c                I2C3_EV_IRQHandler
                0x0800300c                EXTI9_5_IRQHandler
                0x0800300c                RTC_WKUP_IRQHandler
                0x0800300c                LTDC_IRQHandler
                0x0800300c                ETH_WKUP_IRQHandler
                0x0800300c                SPI2_IRQHandler
                0x0800300c                OTG_HS_EP1_IN_IRQHandler
                0x0800300c                MemManage_Handler
                0x0800300c                DMA1_Stream0_IRQHandler
                0x0800300c                CAN1_TX_IRQHandler
                0x0800300c                EXTI4_IRQHandler
                0x0800300c                ETH_IRQHandler
                0x0800300c                OTG_HS_EP1_OUT_IRQHandler
                0x0800300c                WWDG_IRQHandler
                0x0800300c                SPI6_IRQHandler
                0x0800300c                TIM2_IRQHandler
                0x0800300c                OTG_FS_WKUP_IRQHandler
                0x0800300c                TIM1_TRG_COM_TIM11_IRQHandler
                0x0800300c                OTG_HS_IRQHandler
                0x0800300c                DMA2D_IRQHandler
                0x0800300c                EXTI1_IRQHandler
                0x0800300c                UART7_IRQHandler
                0x0800300c                USART2_IRQHandler
                0x0800300c                I2C2_ER_IRQHandler
                0x0800300c                DMA2_Stream1_IRQHandler
                0x0800300c                CAN1_SCE_IRQHandler
                0x0800300c                FLASH_IRQHandler
                0x0800300c                DMA2_Stream4_IRQHandler
                0x0800300c                BusFault_Handler
                0x0800300c                USART1_IRQHandler
                0x0800300c                OTG_FS_IRQHandler
                0x0800300c                SPI3_IRQHandler
                0x0800300c                DMA1_Stream4_IRQHandler
                0x0800300c                I2C1_ER_IRQHandler
                0x0800300c                FMC_IRQHandler
                0x0800300c                DMA2_Stream6_IRQHandler
                0x0800300c                SAI1_IRQHandler
                0x0800300c                DMA1_Stream3_IRQHandler
 .text.memset   0x0800300e       0x10 /opt/st/stm32cubeide_1.16.1/plugins/com.st.stm32cube.ide.mcu.externaltools.gnu-tools-for-stm32.12.3.rel1.linux64_1.0.200.202406132123/tools/bin/../lib/gcc/arm-none-eabi/12.3.1/../../../../arm-none-eabi/lib/thumb/v7e-m+fp/hard/libc_nano.a(libc_a-memset.o)
                0x0800300e                memset
 *fill*         0x0800301e        0x2 
 .text._reclaim_reent
                0x08003020       0xac /opt/st/stm32cubeide_1.16.1/plugins/com.st.stm32cube.ide.mcu.externaltools.gnu-tools-for-stm32.12.3.rel1.linux64_1.0.200.202406132123/tools/bin/../lib/gcc/arm-none-eabi/12.3.1/../../../../arm-none-eabi/lib/thumb/v7e-m+fp/hard/libc_nano.a(libc_a-reent.o)
                0x08003020                _reclaim_reent
 .text.__libc_init_array
                0x080030cc       0x48 /opt/st/stm32cubeide_1.16.1/plugins/com.st.stm32cube.ide.mcu.externaltools.gnu-tools-for-stm32.12.3.rel1.linux64_1.0.200.202406132123/tools/bin/../lib/gcc/arm-none-eabi/12.3.1/../../../../arm-none-eabi/lib/thumb/v7e-m+fp/hard/libc_nano.a(libc_a-init.o)
                0x080030cc                __libc_init_array
 .text.__retarget_lock_acquire_recursive
                0x08003114        0x2 /opt/st/stm32cubeide_1.16.1/plugins/com.st.stm32cube.ide.mcu.externaltools.gnu-tools-for-stm32.12.3.rel1.linux64_1.0.200.202406132123/tools/bin/../lib/gcc/arm-none-eabi/12.3.1/../../../../arm-none-eabi/lib/thumb/v7e-m+fp/hard/libc_nano.a(libc_a-lock.o)
                0x08003114                __retarget_lock_acquire_recursive
 .text.__retarget_lock_release_recursive
                0x08003116        0x2 /opt/st/stm32cubeide_1.16.1/plugins/com.st.stm32cube.ide.mcu.externaltools.gnu-tools-for-stm32.12.3.rel1.linux64_1.0.200.202406132123/tools/bin/../lib/gcc/arm-none-eabi/12.3.1/../../../../arm-none-eabi/lib/thumb/v7e-m+fp/hard/libc_nano.a(libc_a-lock.o)
                0x08003116                __retarget_lock_release_recursive
 .text.memcpy   0x08003118       0x1c /opt/st/stm32cubeide_1.16.1/plugins/com.st.stm32cube.ide.mcu.externaltools.gnu-tools-for-stm32.12.3.rel1.linux64_1.0.200.202406132123/tools/bin/../lib/gcc/arm-none-eabi/12.3.1/../../../../arm-none-eabi/lib/thumb/v7e-m+fp/hard/libc_nano.a(libc_a-memcpy-stub.o)
                0x08003118                memcpy
 .text._free_r  0x08003134       0x94 /opt/st/stm32cubeide_1.16.1/plugins/com.st.stm32cube.ide.mcu.externaltools.gnu-tools-for-stm32.12.3.rel1.linux64_1.0.200.202406132123/tools/bin/../lib/gcc/arm-none-eabi/12.3.1/../../../../arm-none-eabi/lib/thumb/v7e-m+fp/hard/libc_nano.a(libc_a-freer.o)
                0x08003134                _free_r
 .text.__malloc_lock
                0x080031c8        0xc /opt/st/stm32cubeide_1.16.1/plugins/com.st.stm32cube.ide.mcu.externaltools.gnu-tools-for-stm32.12.3.rel1.linux64_1.0.200.202406132123/tools/bin/../lib/gcc/arm-none-eabi/12.3.1/../../../../arm-none-eabi/lib/thumb/v7e-m+fp/hard/libc_nano.a(libc_a-mlock.o)
                0x080031c8                __malloc_lock
 .text.__malloc_unlock
                0x080031d4        0xc /opt/st/stm32cubeide_1.16.1/plugins/com.st.stm32cube.ide.mcu.externaltools.gnu-tools-for-stm32.12.3.rel1.linux64_1.0.200.202406132123/tools/bin/../lib/gcc/arm-none-eabi/12.3.1/../../../../arm-none-eabi/lib/thumb/v7e-m+fp/hard/libc_nano.a(libc_a-mlock.o)
                0x080031d4                __malloc_unlock
 *(.glue_7)
 .glue_7        0x080031e0        0x0 linker stubs
 *(.glue_7t)
 .glue_7t       0x080031e0        0x0 linker stubs
 *(.eh_frame)
 .eh_frame      0x080031e0        0x0 /opt/st/stm32cubeide_1.16.1/plugins/com.st.stm32cube.ide.mcu.externaltools.gnu-tools-for-stm32.12.3.rel1.linux64_1.0.200.202406132123/tools/bin/../lib/gcc/arm-none-eabi/12.3.1/thumb/v7e-m+fp/hard/crtbegin.o
 *(.init)
 .init          0x080031e0        0x4 /opt/st/stm32cubeide_1.16.1/plugins/com.st.stm32cube.ide.mcu.externaltools.gnu-tools-for-stm32.12.3.rel1.linux64_1.0.200.202406132123/tools/bin/../lib/gcc/arm-none-eabi/12.3.1/thumb/v7e-m+fp/hard/crti.o
                0x080031e0                _init
 .init          0x080031e4        0x8 /opt/st/stm32cubeide_1.16.1/plugins/com.st.stm32cube.ide.mcu.externaltools.gnu-tools-for-stm32.12.3.rel1.linux64_1.0.200.202406132123/tools/bin/../lib/gcc/arm-none-eabi/12.3.1/thumb/v7e-m+fp/hard/crtn.o
 *(.fini)
 .fini          0x080031ec        0x4 /opt/st/stm32cubeide_1.16.1/plugins/com.st.stm32cube.ide.mcu.externaltools.gnu-tools-for-stm32.12.3.rel1.linux64_1.0.200.202406132123/tools/bin/../lib/gcc/arm-none-eabi/12.3.1/thumb/v7e-m+fp/hard/crti.o
                0x080031ec                _fini
 .fini          0x080031f0        0x8 /opt/st/stm32cubeide_1.16.1/plugins/com.st.stm32cube.ide.mcu.externaltools.gnu-tools-for-stm32.12.3.rel1.linux64_1.0.200.202406132123/tools/bin/../lib/gcc/arm-none-eabi/12.3.1/thumb/v7e-m+fp/hard/crtn.o
                0x080031f8                        . = ALIGN (0x4)
                0x080031f8                        _etext = .

.vfp11_veneer   0x080031f8        0x0
 .vfp11_veneer  0x080031f8        0x0 linker stubs

.v4_bx          0x080031f8        0x0
 .v4_bx         0x080031f8        0x0 linker stubs

.iplt           0x080031f8        0x0
 .iplt          0x080031f8        0x0 /opt/st/stm32cubeide_1.16.1/plugins/com.st.stm32cube.ide.mcu.externaltools.gnu-tools-for-stm32.12.3.rel1.linux64_1.0.200.202406132123/tools/bin/../lib/gcc/arm-none-eabi/12.3.1/thumb/v7e-m+fp/hard/crtbegin.o

.rodata         0x080031f8       0x58
                0x080031f8                        . = ALIGN (0x4)
 *(.rodata)
 .rodata        0x080031f8        0x5 ./Middlewares/FreeRTOS/Source/tasks.o
 *fill*         0x080031fd        0x3 
 .rodata        0x08003200        0xd ./Middlewares/FreeRTOS/Source/timers.o
 *fill*         0x0800320d        0x3 
 .rodata        0x08003210        0xc ./Src/main.o
 *(.rodata*)
 .rodata.defaultTask_attributes
                0x0800321c       0x24 ./Src/main.o
                0x0800321c                defaultTask_attributes
 .rodata.AHBPrescTable
                0x08003240       0x10 ./Src/system_stm32f4xx.o
                0x08003240                AHBPrescTable
                0x08003250                        . = ALIGN (0x4)

.ARM.extab      0x08003250        0x0
                0x08003250                        . = ALIGN (0x4)
 *(.ARM.extab* .gnu.linkonce.armextab.*)
                0x08003250                        . = ALIGN (0x4)

.ARM            0x08003250        0x0
                0x08003250                        . = ALIGN (0x4)
                0x08003250                        __exidx_start = .
 *(.ARM.exidx*)
                0x08003250                        __exidx_end = .
                0x08003250                        . = ALIGN (0x4)

.preinit_array  0x08003250        0x0
                0x08003250                        . = ALIGN (0x4)
                0x08003250                        PROVIDE (__preinit_array_start = .)
 *(.preinit_array*)
                0x08003250                        PROVIDE (__preinit_array_end = .)
                0x08003250                        . = ALIGN (0x4)

.init_array     0x08003250        0x4
                0x08003250                        . = ALIGN (0x4)
                0x08003250                        PROVIDE (__init_array_start = .)
 *(SORT_BY_NAME(.init_array.*))
 *(.init_array*)
 .init_array    0x08003250        0x4 /opt/st/stm32cubeide_1.16.1/plugins/com.st.stm32cube.ide.mcu.externaltools.gnu-tools-for-stm32.12.3.rel1.linux64_1.0.200.202406132123/tools/bin/../lib/gcc/arm-none-eabi/12.3.1/thumb/v7e-m+fp/hard/crtbegin.o
                0x08003254                        PROVIDE (__init_array_end = .)
                0x08003254                        . = ALIGN (0x4)

.fini_array     0x08003254        0x4
                0x08003254                        . = ALIGN (0x4)
                [!provide]                        PROVIDE (__fini_array_start = .)
 *(SORT_BY_NAME(.fini_array.*))
 *(.fini_array*)
 .fini_array    0x08003254        0x4 /opt/st/stm32cubeide_1.16.1/plugins/com.st.stm32cube.ide.mcu.externaltools.gnu-tools-for-stm32.12.3.rel1.linux64_1.0.200.202406132123/tools/bin/../lib/gcc/arm-none-eabi/12.3.1/thumb/v7e-m+fp/hard/crtbegin.o
                [!provide]                        PROVIDE (__fini_array_end = .)
                0x08003258                        . = ALIGN (0x4)
                0x08003258                        _sidata = LOADADDR (.data)

.rel.dyn        0x08003258        0x0
 .rel.iplt      0x08003258        0x0 /opt/st/stm32cubeide_1.16.1/plugins/com.st.stm32cube.ide.mcu.externaltools.gnu-tools-for-stm32.12.3.rel1.linux64_1.0.200.202406132123/tools/bin/../lib/gcc/arm-none-eabi/12.3.1/thumb/v7e-m+fp/hard/crtbegin.o

.data           0x20000000       0x58 load address 0x08003258
                0x20000000                        . = ALIGN (0x4)
                0x20000000                        _sdata = .
 *(.data)
 *(.data*)
 .data.uxCriticalNesting
                0x20000000        0x4 ./Middlewares/FreeRTOS/Source/portable/GCC/ARM_CM4F/port.o
 .data.SystemCoreClock
                0x20000004        0x4 ./Src/system_stm32f4xx.o
                0x20000004                SystemCoreClock
 .data._impure_ptr
                0x20000008        0x4 /opt/st/stm32cubeide_1.16.1/plugins/com.st.stm32cube.ide.mcu.externaltools.gnu-tools-for-stm32.12.3.rel1.linux64_1.0.200.202406132123/tools/bin/../lib/gcc/arm-none-eabi/12.3.1/../../../../arm-none-eabi/lib/thumb/v7e-m+fp/hard/libc_nano.a(libc_a-impure.o)
                0x20000008                _impure_ptr
 .data._impure_data
                0x2000000c       0x4c /opt/st/stm32cubeide_1.16.1/plugins/com.st.stm32cube.ide.mcu.externaltools.gnu-tools-for-stm32.12.3.rel1.linux64_1.0.200.202406132123/tools/bin/../lib/gcc/arm-none-eabi/12.3.1/../../../../arm-none-eabi/lib/thumb/v7e-m+fp/hard/libc_nano.a(libc_a-impure.o)
                0x2000000c                _impure_data
 *(.RamFunc)
 *(.RamFunc*)
                0x20000058                        . = ALIGN (0x4)
                0x20000058                        _edata = .
                0x080032b0                        _siccmram = LOADADDR (.ccmram)

.igot.plt       0x20000058        0x0 load address 0x080032b0
 .igot.plt      0x20000058        0x0 /opt/st/stm32cubeide_1.16.1/plugins/com.st.stm32cube.ide.mcu.externaltools.gnu-tools-for-stm32.12.3.rel1.linux64_1.0.200.202406132123/tools/bin/../lib/gcc/arm-none-eabi/12.3.1/thumb/v7e-m+fp/hard/crtbegin.o

.ccmram         0x10000000        0x0 load address 0x080032b0
                0x10000000                        . = ALIGN (0x4)
                0x10000000                        _sccmram = .
 *(.ccmram)
 *(.ccmram*)
                0x10000000                        . = ALIGN (0x4)
                0x10000000                        _eccmram = .
                0x10000000                        . = ALIGN (0x4)

.bss            0x20000058     0x4b44
                0x20000058                        _sbss = .
                0x20000058                        __bss_start__ = _sbss
 *(.bss)
 .bss           0x20000058       0x1c /opt/st/stm32cubeide_1.16.1/plugins/com.st.stm32cube.ide.mcu.externaltools.gnu-tools-for-stm32.12.3.rel1.linux64_1.0.200.202406132123/tools/bin/../lib/gcc/arm-none-eabi/12.3.1/thumb/v7e-m+fp/hard/crtbegin.o
 *(.bss*)
 .bss.KernelState
                0x20000074        0x4 ./Middlewares/FreeRTOS/Source/CMSIS_RTOS_V2/cmsis_os2.o
 .bss.Idle_TCB.3
                0x20000078       0xa8 ./Middlewares/FreeRTOS/Source/CMSIS_RTOS_V2/cmsis_os2.o
 .bss.Idle_Stack.2
                0x20000120      0x200 ./Middlewares/FreeRTOS/Source/CMSIS_RTOS_V2/cmsis_os2.o
 .bss.Timer_TCB.1
                0x20000320       0xa8 ./Middlewares/FreeRTOS/Source/CMSIS_RTOS_V2/cmsis_os2.o
 .bss.Timer_Stack.0
                0x200003c8      0x400 ./Middlewares/FreeRTOS/Source/CMSIS_RTOS_V2/cmsis_os2.o
 .bss.xQueueRegistry
                0x200007c8       0x40 ./Middlewares/FreeRTOS/Source/queue.o
                0x200007c8                xQueueRegistry
 .bss.pxCurrentTCB
                0x20000808        0x4 ./Middlewares/FreeRTOS/Source/tasks.o
                0x20000808                pxCurrentTCB
 .bss.pxReadyTasksLists
                0x2000080c      0x460 ./Middlewares/FreeRTOS/Source/tasks.o
 .bss.xDelayedTaskList1
                0x20000c6c       0x14 ./Middlewares/FreeRTOS/Source/tasks.o
 .bss.xDelayedTaskList2
                0x20000c80       0x14 ./Middlewares/FreeRTOS/Source/tasks.o
 .bss.pxDelayedTaskList
                0x20000c94        0x4 ./Middlewares/FreeRTOS/Source/tasks.o
 .bss.pxOverflowDelayedTaskList
                0x20000c98        0x4 ./Middlewares/FreeRTOS/Source/tasks.o
 .bss.xPendingReadyList
                0x20000c9c       0x14 ./Middlewares/FreeRTOS/Source/tasks.o
 .bss.xTasksWaitingTermination
                0x20000cb0       0x14 ./Middlewares/FreeRTOS/Source/tasks.o
 .bss.uxDeletedTasksWaitingCleanUp
                0x20000cc4        0x4 ./Middlewares/FreeRTOS/Source/tasks.o
 .bss.xSuspendedTaskList
                0x20000cc8       0x14 ./Middlewares/FreeRTOS/Source/tasks.o
 .bss.uxCurrentNumberOfTasks
                0x20000cdc        0x4 ./Middlewares/FreeRTOS/Source/tasks.o
 .bss.xTickCount
                0x20000ce0        0x4 ./Middlewares/FreeRTOS/Source/tasks.o
 .bss.uxTopReadyPriority
                0x20000ce4        0x4 ./Middlewares/FreeRTOS/Source/tasks.o
 .bss.xSchedulerRunning
                0x20000ce8        0x4 ./Middlewares/FreeRTOS/Source/tasks.o
 .bss.xPendedTicks
                0x20000cec        0x4 ./Middlewares/FreeRTOS/Source/tasks.o
 .bss.xYieldPending
                0x20000cf0        0x4 ./Middlewares/FreeRTOS/Source/tasks.o
 .bss.xNumOfOverflows
                0x20000cf4        0x4 ./Middlewares/FreeRTOS/Source/tasks.o
 .bss.uxTaskNumber
                0x20000cf8        0x4 ./Middlewares/FreeRTOS/Source/tasks.o
 .bss.xNextTaskUnblockTime
                0x20000cfc        0x4 ./Middlewares/FreeRTOS/Source/tasks.o
 .bss.xIdleTaskHandle
                0x20000d00        0x4 ./Middlewares/FreeRTOS/Source/tasks.o
 .bss.uxSchedulerSuspended
                0x20000d04        0x4 ./Middlewares/FreeRTOS/Source/tasks.o
 .bss.xActiveTimerList1
                0x20000d08       0x14 ./Middlewares/FreeRTOS/Source/timers.o
 .bss.xActiveTimerList2
                0x20000d1c       0x14 ./Middlewares/FreeRTOS/Source/timers.o
 .bss.pxCurrentTimerList
                0x20000d30        0x4 ./Middlewares/FreeRTOS/Source/timers.o
 .bss.pxOverflowTimerList
                0x20000d34        0x4 ./Middlewares/FreeRTOS/Source/timers.o
 .bss.xTimerQueue
                0x20000d38        0x4 ./Middlewares/FreeRTOS/Source/timers.o
 .bss.xTimerTaskHandle
                0x20000d3c        0x4 ./Middlewares/FreeRTOS/Source/timers.o
 .bss.xLastTime.2
                0x20000d40        0x4 ./Middlewares/FreeRTOS/Source/timers.o
 .bss.ucStaticTimerQueueStorage.1
                0x20000d44       0xa0 ./Middlewares/FreeRTOS/Source/timers.o
 .bss.xStaticTimerQueue.0
                0x20000de4       0x50 ./Middlewares/FreeRTOS/Source/timers.o
 .bss.ucMaxSysCallPriority
                0x20000e34        0x1 ./Middlewares/FreeRTOS/Source/portable/GCC/ARM_CM4F/port.o
 *fill*         0x20000e35        0x3 
 .bss.ulMaxPRIGROUPValue
                0x20000e38        0x4 ./Middlewares/FreeRTOS/Source/portable/GCC/ARM_CM4F/port.o
 .bss.ucHeap    0x20000e3c     0x3c00 ./Middlewares/FreeRTOS/Source/portable/MemMang/heap_4.o
 .bss.xStart    0x20004a3c        0x8 ./Middlewares/FreeRTOS/Source/portable/MemMang/heap_4.o
 .bss.pxEnd     0x20004a44        0x4 ./Middlewares/FreeRTOS/Source/portable/MemMang/heap_4.o
 .bss.xFreeBytesRemaining
                0x20004a48        0x4 ./Middlewares/FreeRTOS/Source/portable/MemMang/heap_4.o
 .bss.xMinimumEverFreeBytesRemaining
                0x20004a4c        0x4 ./Middlewares/FreeRTOS/Source/portable/MemMang/heap_4.o
 .bss.xNumberOfSuccessfulAllocations
                0x20004a50        0x4 ./Middlewares/FreeRTOS/Source/portable/MemMang/heap_4.o
 .bss.xNumberOfSuccessfulFrees
                0x20004a54        0x4 ./Middlewares/FreeRTOS/Source/portable/MemMang/heap_4.o
 .bss.xBlockAllocatedBit
                0x20004a58        0x4 ./Middlewares/FreeRTOS/Source/portable/MemMang/heap_4.o
 .bss.__sf      0x20004a5c      0x138 /opt/st/stm32cubeide_1.16.1/plugins/com.st.stm32cube.ide.mcu.externaltools.gnu-tools-for-stm32.12.3.rel1.linux64_1.0.200.202406132123/tools/bin/../lib/gcc/arm-none-eabi/12.3.1/../../../../arm-none-eabi/lib/thumb/v7e-m+fp/hard/libc_nano.a(libc_a-findfp.o)
                0x20004a5c                __sf
 .bss.__lock___malloc_recursive_mutex
                0x20004b94        0x1 /opt/st/stm32cubeide_1.16.1/plugins/com.st.stm32cube.ide.mcu.externaltools.gnu-tools-for-stm32.12.3.rel1.linux64_1.0.200.202406132123/tools/bin/../lib/gcc/arm-none-eabi/12.3.1/../../../../arm-none-eabi/lib/thumb/v7e-m+fp/hard/libc_nano.a(libc_a-lock.o)
                0x20004b94                __lock___malloc_recursive_mutex
 *fill*         0x20004b95        0x3 
 .bss.__malloc_free_list
                0x20004b98        0x4 /opt/st/stm32cubeide_1.16.1/plugins/com.st.stm32cube.ide.mcu.externaltools.gnu-tools-for-stm32.12.3.rel1.linux64_1.0.200.202406132123/tools/bin/../lib/gcc/arm-none-eabi/12.3.1/../../../../arm-none-eabi/lib/thumb/v7e-m+fp/hard/libc_nano.a(libc_a-mallocr.o)
                0x20004b98                __malloc_free_list
 *(COMMON)
                0x20004b9c                        . = ALIGN (0x4)
                0x20004b9c                        _ebss = .
                0x20004b9c                        __bss_end__ = _ebss

._user_heap_stack
                0x20004b9c      0x604
                0x20004ba0                        . = ALIGN (0x8)
 *fill*         0x20004b9c        0x4 
                [!provide]                        PROVIDE (end = .)
                0x20004ba0                        PROVIDE (_end = .)
                0x20004da0                        . = (. + _Min_Heap_Size)
 *fill*         0x20004ba0      0x200 
                0x200051a0                        . = (. + _Min_Stack_Size)
 *fill*         0x20004da0      0x400 
                0x200051a0                        . = ALIGN (0x8)

/DISCARD/
 libc.a(*)
 libm.a(*)
 libgcc.a(*)

.ARM.attributes
                0x00000000       0x30
 *(.ARM.attributes)
 .ARM.attributes
                0x00000000       0x22 /opt/st/stm32cubeide_1.16.1/plugins/com.st.stm32cube.ide.mcu.externaltools.gnu-tools-for-stm32.12.3.rel1.linux64_1.0.200.202406132123/tools/bin/../lib/gcc/arm-none-eabi/12.3.1/thumb/v7e-m+fp/hard/crti.o
 .ARM.attributes
                0x00000022       0x34 /opt/st/stm32cubeide_1.16.1/plugins/com.st.stm32cube.ide.mcu.externaltools.gnu-tools-for-stm32.12.3.rel1.linux64_1.0.200.202406132123/tools/bin/../lib/gcc/arm-none-eabi/12.3.1/thumb/v7e-m+fp/hard/crtbegin.o
 .ARM.attributes
                0x00000056       0x34 ./Middlewares/FreeRTOS/Source/CMSIS_RTOS_V2/cmsis_os2.o
 .ARM.attributes
                0x0000008a       0x34 ./Middlewares/FreeRTOS/Source/list.o
 .ARM.attributes
                0x000000be       0x34 ./Middlewares/FreeRTOS/Source/queue.o
 .ARM.attributes
                0x000000f2       0x34 ./Middlewares/FreeRTOS/Source/tasks.o
 .ARM.attributes
                0x00000126       0x34 ./Middlewares/FreeRTOS/Source/timers.o
 .ARM.attributes
                0x0000015a       0x34 ./Middlewares/FreeRTOS/Source/portable/GCC/ARM_CM4F/port.o
 .ARM.attributes
                0x0000018e       0x34 ./Middlewares/FreeRTOS/Source/portable/MemMang/heap_4.o
 .ARM.attributes
                0x000001c2       0x34 ./Src/Peripherals/clock.o
 .ARM.attributes
                0x000001f6       0x34 ./Src/Peripherals/gpio.o
 .ARM.attributes
                0x0000022a       0x34 ./Src/Threads/basic_task.o
 .ARM.attributes
                0x0000025e       0x34 ./Src/main.o
 .ARM.attributes
                0x00000292       0x34 ./Src/system_stm32f4xx.o
 .ARM.attributes
                0x000002c6       0x21 ./Startup/startup_stm32f429xx.o
 .ARM.attributes
                0x000002e7       0x34 /opt/st/stm32cubeide_1.16.1/plugins/com.st.stm32cube.ide.mcu.externaltools.gnu-tools-for-stm32.12.3.rel1.linux64_1.0.200.202406132123/tools/bin/../lib/gcc/arm-none-eabi/12.3.1/../../../../arm-none-eabi/lib/thumb/v7e-m+fp/hard/libc_nano.a(libc_a-findfp.o)
 .ARM.attributes
                0x0000031b       0x34 /opt/st/stm32cubeide_1.16.1/plugins/com.st.stm32cube.ide.mcu.externaltools.gnu-tools-for-stm32.12.3.rel1.linux64_1.0.200.202406132123/tools/bin/../lib/gcc/arm-none-eabi/12.3.1/../../../../arm-none-eabi/lib/thumb/v7e-m+fp/hard/libc_nano.a(libc_a-memset.o)
 .ARM.attributes
                0x0000034f       0x34 /opt/st/stm32cubeide_1.16.1/plugins/com.st.stm32cube.ide.mcu.externaltools.gnu-tools-for-stm32.12.3.rel1.linux64_1.0.200.202406132123/tools/bin/../lib/gcc/arm-none-eabi/12.3.1/../../../../arm-none-eabi/lib/thumb/v7e-m+fp/hard/libc_nano.a(libc_a-reent.o)
 .ARM.attributes
                0x00000383       0x34 /opt/st/stm32cubeide_1.16.1/plugins/com.st.stm32cube.ide.mcu.externaltools.gnu-tools-for-stm32.12.3.rel1.linux64_1.0.200.202406132123/tools/bin/../lib/gcc/arm-none-eabi/12.3.1/../../../../arm-none-eabi/lib/thumb/v7e-m+fp/hard/libc_nano.a(libc_a-impure.o)
 .ARM.attributes
                0x000003b7       0x34 /opt/st/stm32cubeide_1.16.1/plugins/com.st.stm32cube.ide.mcu.externaltools.gnu-tools-for-stm32.12.3.rel1.linux64_1.0.200.202406132123/tools/bin/../lib/gcc/arm-none-eabi/12.3.1/../../../../arm-none-eabi/lib/thumb/v7e-m+fp/hard/libc_nano.a(libc_a-init.o)
 .ARM.attributes
                0x000003eb       0x34 /opt/st/stm32cubeide_1.16.1/plugins/com.st.stm32cube.ide.mcu.externaltools.gnu-tools-for-stm32.12.3.rel1.linux64_1.0.200.202406132123/tools/bin/../lib/gcc/arm-none-eabi/12.3.1/../../../../arm-none-eabi/lib/thumb/v7e-m+fp/hard/libc_nano.a(libc_a-lock.o)
 .ARM.attributes
                0x0000041f       0x34 /opt/st/stm32cubeide_1.16.1/plugins/com.st.stm32cube.ide.mcu.externaltools.gnu-tools-for-stm32.12.3.rel1.linux64_1.0.200.202406132123/tools/bin/../lib/gcc/arm-none-eabi/12.3.1/../../../../arm-none-eabi/lib/thumb/v7e-m+fp/hard/libc_nano.a(libc_a-memcpy-stub.o)
 .ARM.attributes
                0x00000453       0x34 /opt/st/stm32cubeide_1.16.1/plugins/com.st.stm32cube.ide.mcu.externaltools.gnu-tools-for-stm32.12.3.rel1.linux64_1.0.200.202406132123/tools/bin/../lib/gcc/arm-none-eabi/12.3.1/../../../../arm-none-eabi/lib/thumb/v7e-m+fp/hard/libc_nano.a(libc_a-freer.o)
 .ARM.attributes
                0x00000487       0x34 /opt/st/stm32cubeide_1.16.1/plugins/com.st.stm32cube.ide.mcu.externaltools.gnu-tools-for-stm32.12.3.rel1.linux64_1.0.200.202406132123/tools/bin/../lib/gcc/arm-none-eabi/12.3.1/../../../../arm-none-eabi/lib/thumb/v7e-m+fp/hard/libc_nano.a(libc_a-mallocr.o)
 .ARM.attributes
                0x000004bb       0x34 /opt/st/stm32cubeide_1.16.1/plugins/com.st.stm32cube.ide.mcu.externaltools.gnu-tools-for-stm32.12.3.rel1.linux64_1.0.200.202406132123/tools/bin/../lib/gcc/arm-none-eabi/12.3.1/../../../../arm-none-eabi/lib/thumb/v7e-m+fp/hard/libc_nano.a(libc_a-mlock.o)
 .ARM.attributes
                0x000004ef       0x22 /opt/st/stm32cubeide_1.16.1/plugins/com.st.stm32cube.ide.mcu.externaltools.gnu-tools-for-stm32.12.3.rel1.linux64_1.0.200.202406132123/tools/bin/../lib/gcc/arm-none-eabi/12.3.1/thumb/v7e-m+fp/hard/crtn.o
OUTPUT(display1.elf elf32-littlearm)
LOAD linker stubs
LOAD /opt/st/stm32cubeide_1.16.1/plugins/com.st.stm32cube.ide.mcu.externaltools.gnu-tools-for-stm32.12.3.rel1.linux64_1.0.200.202406132123/tools/bin/../lib/gcc/arm-none-eabi/12.3.1/../../../../arm-none-eabi/lib/thumb/v7e-m+fp/hard/libc.a
LOAD /opt/st/stm32cubeide_1.16.1/plugins/com.st.stm32cube.ide.mcu.externaltools.gnu-tools-for-stm32.12.3.rel1.linux64_1.0.200.202406132123/tools/bin/../lib/gcc/arm-none-eabi/12.3.1/../../../../arm-none-eabi/lib/thumb/v7e-m+fp/hard/libm.a
LOAD /opt/st/stm32cubeide_1.16.1/plugins/com.st.stm32cube.ide.mcu.externaltools.gnu-tools-for-stm32.12.3.rel1.linux64_1.0.200.202406132123/tools/bin/../lib/gcc/arm-none-eabi/12.3.1/thumb/v7e-m+fp/hard/libgcc.a

.debug_info     0x00000000     0xbc88
 .debug_info    0x00000000     0x413f ./Middlewares/FreeRTOS/Source/CMSIS_RTOS_V2/cmsis_os2.o
 .debug_info    0x0000413f      0x2af ./Middlewares/FreeRTOS/Source/list.o
 .debug_info    0x000043ee     0x1b79 ./Middlewares/FreeRTOS/Source/queue.o
 .debug_info    0x00005f67     0x28c1 ./Middlewares/FreeRTOS/Source/tasks.o
 .debug_info    0x00008828     0x1b50 ./Middlewares/FreeRTOS/Source/timers.o
 .debug_info    0x0000a378      0x4de ./Middlewares/FreeRTOS/Source/portable/GCC/ARM_CM4F/port.o
 .debug_info    0x0000a856      0x4d5 ./Middlewares/FreeRTOS/Source/portable/MemMang/heap_4.o
 .debug_info    0x0000ad2b      0x24f ./Src/Peripherals/clock.o
 .debug_info    0x0000af7a      0x2e4 ./Src/Peripherals/gpio.o
 .debug_info    0x0000b25e       0xf0 ./Src/Threads/basic_task.o
 .debug_info    0x0000b34e      0x3e3 ./Src/main.o
 .debug_info    0x0000b731      0x527 ./Src/system_stm32f4xx.o
 .debug_info    0x0000bc58       0x30 ./Startup/startup_stm32f429xx.o

.debug_abbrev   0x00000000     0x1ab9
 .debug_abbrev  0x00000000      0x548 ./Middlewares/FreeRTOS/Source/CMSIS_RTOS_V2/cmsis_os2.o
 .debug_abbrev  0x00000548       0xf5 ./Middlewares/FreeRTOS/Source/list.o
 .debug_abbrev  0x0000063d      0x3b6 ./Middlewares/FreeRTOS/Source/queue.o
 .debug_abbrev  0x000009f3      0x3fe ./Middlewares/FreeRTOS/Source/tasks.o
 .debug_abbrev  0x00000df1      0x368 ./Middlewares/FreeRTOS/Source/timers.o
 .debug_abbrev  0x00001159      0x25c ./Middlewares/FreeRTOS/Source/portable/GCC/ARM_CM4F/port.o
 .debug_abbrev  0x000013b5      0x21d ./Middlewares/FreeRTOS/Source/portable/MemMang/heap_4.o
 .debug_abbrev  0x000015d2       0xc2 ./Src/Peripherals/clock.o
 .debug_abbrev  0x00001694       0xb6 ./Src/Peripherals/gpio.o
 .debug_abbrev  0x0000174a       0xa5 ./Src/Threads/basic_task.o
 .debug_abbrev  0x000017ef      0x18c ./Src/main.o
 .debug_abbrev  0x0000197b      0x11a ./Src/system_stm32f4xx.o
 .debug_abbrev  0x00001a95       0x24 ./Startup/startup_stm32f429xx.o

.debug_aranges  0x00000000      0x8f0
 .debug_aranges
                0x00000000      0x2b0 ./Middlewares/FreeRTOS/Source/CMSIS_RTOS_V2/cmsis_os2.o
 .debug_aranges
                0x000002b0       0x40 ./Middlewares/FreeRTOS/Source/list.o
 .debug_aranges
                0x000002f0      0x158 ./Middlewares/FreeRTOS/Source/queue.o
 .debug_aranges
                0x00000448      0x208 ./Middlewares/FreeRTOS/Source/tasks.o
 .debug_aranges
                0x00000650       0xf0 ./Middlewares/FreeRTOS/Source/timers.o
 .debug_aranges
                0x00000740       0x80 ./Middlewares/FreeRTOS/Source/portable/GCC/ARM_CM4F/port.o
 .debug_aranges
                0x000007c0       0x58 ./Middlewares/FreeRTOS/Source/portable/MemMang/heap_4.o
 .debug_aranges
                0x00000818       0x20 ./Src/Peripherals/clock.o
 .debug_aranges
                0x00000838       0x28 ./Src/Peripherals/gpio.o
 .debug_aranges
                0x00000860       0x20 ./Src/Threads/basic_task.o
 .debug_aranges
                0x00000880       0x20 ./Src/main.o
 .debug_aranges
                0x000008a0       0x28 ./Src/system_stm32f4xx.o
 .debug_aranges
                0x000008c8       0x28 ./Startup/startup_stm32f429xx.o

.debug_rnglists
                0x00000000      0x6c2
 .debug_rnglists
                0x00000000      0x212 ./Middlewares/FreeRTOS/Source/CMSIS_RTOS_V2/cmsis_os2.o
 .debug_rnglists
                0x00000212       0x2b ./Middlewares/FreeRTOS/Source/list.o
 .debug_rnglists
                0x0000023d      0x109 ./Middlewares/FreeRTOS/Source/queue.o
 .debug_rnglists
                0x00000346      0x1a0 ./Middlewares/FreeRTOS/Source/tasks.o
 .debug_rnglists
                0x000004e6       0xb8 ./Middlewares/FreeRTOS/Source/timers.o
 .debug_rnglists
                0x0000059e       0x5d ./Middlewares/FreeRTOS/Source/portable/GCC/ARM_CM4F/port.o
 .debug_rnglists
                0x000005fb       0x42 ./Middlewares/FreeRTOS/Source/portable/MemMang/heap_4.o
 .debug_rnglists
                0x0000063d       0x13 ./Src/Peripherals/clock.o
 .debug_rnglists
                0x00000650       0x19 ./Src/Peripherals/gpio.o
 .debug_rnglists
                0x00000669       0x13 ./Src/Threads/basic_task.o
 .debug_rnglists
                0x0000067c       0x13 ./Src/main.o
 .debug_rnglists
                0x0000068f       0x1a ./Src/system_stm32f4xx.o
 .debug_rnglists
                0x000006a9       0x19 ./Startup/startup_stm32f429xx.o

.debug_macro    0x00000000    0x1d0e6
 .debug_macro   0x00000000      0x2dc ./Middlewares/FreeRTOS/Source/CMSIS_RTOS_V2/cmsis_os2.o
 .debug_macro   0x000002dc      0xac0 ./Middlewares/FreeRTOS/Source/CMSIS_RTOS_V2/cmsis_os2.o
 .debug_macro   0x00000d9c       0x22 ./Middlewares/FreeRTOS/Source/CMSIS_RTOS_V2/cmsis_os2.o
 .debug_macro   0x00000dbe       0x5b ./Middlewares/FreeRTOS/Source/CMSIS_RTOS_V2/cmsis_os2.o
 .debug_macro   0x00000e19       0x2a ./Middlewares/FreeRTOS/Source/CMSIS_RTOS_V2/cmsis_os2.o
 .debug_macro   0x00000e43       0x94 ./Middlewares/FreeRTOS/Source/CMSIS_RTOS_V2/cmsis_os2.o
 .debug_macro   0x00000ed7       0x43 ./Middlewares/FreeRTOS/Source/CMSIS_RTOS_V2/cmsis_os2.o
 .debug_macro   0x00000f1a       0x34 ./Middlewares/FreeRTOS/Source/CMSIS_RTOS_V2/cmsis_os2.o
 .debug_macro   0x00000f4e      0x189 ./Middlewares/FreeRTOS/Source/CMSIS_RTOS_V2/cmsis_os2.o
 .debug_macro   0x000010d7       0x16 ./Middlewares/FreeRTOS/Source/CMSIS_RTOS_V2/cmsis_os2.o
 .debug_macro   0x000010ed       0x43 ./Middlewares/FreeRTOS/Source/CMSIS_RTOS_V2/cmsis_os2.o
 .debug_macro   0x00001130       0x57 ./Middlewares/FreeRTOS/Source/CMSIS_RTOS_V2/cmsis_os2.o
 .debug_macro   0x00001187       0x34 ./Middlewares/FreeRTOS/Source/CMSIS_RTOS_V2/cmsis_os2.o
 .debug_macro   0x000011bb       0x10 ./Middlewares/FreeRTOS/Source/CMSIS_RTOS_V2/cmsis_os2.o
 .debug_macro   0x000011cb       0x58 ./Middlewares/FreeRTOS/Source/CMSIS_RTOS_V2/cmsis_os2.o
 .debug_macro   0x00001223       0x8e ./Middlewares/FreeRTOS/Source/CMSIS_RTOS_V2/cmsis_os2.o
 .debug_macro   0x000012b1       0x1c ./Middlewares/FreeRTOS/Source/CMSIS_RTOS_V2/cmsis_os2.o
 .debug_macro   0x000012cd      0x177 ./Middlewares/FreeRTOS/Source/CMSIS_RTOS_V2/cmsis_os2.o
 .debug_macro   0x00001444      0x369 ./Middlewares/FreeRTOS/Source/CMSIS_RTOS_V2/cmsis_os2.o
 .debug_macro   0x000017ad       0x10 ./Middlewares/FreeRTOS/Source/CMSIS_RTOS_V2/cmsis_os2.o
 .debug_macro   0x000017bd       0x35 ./Middlewares/FreeRTOS/Source/CMSIS_RTOS_V2/cmsis_os2.o
 .debug_macro   0x000017f2       0x20 ./Middlewares/FreeRTOS/Source/CMSIS_RTOS_V2/cmsis_os2.o
 .debug_macro   0x00001812       0x10 ./Middlewares/FreeRTOS/Source/CMSIS_RTOS_V2/cmsis_os2.o
 .debug_macro   0x00001822      0x103 ./Middlewares/FreeRTOS/Source/CMSIS_RTOS_V2/cmsis_os2.o
 .debug_macro   0x00001925       0x6a ./Middlewares/FreeRTOS/Source/CMSIS_RTOS_V2/cmsis_os2.o
 .debug_macro   0x0000198f      0x1df ./Middlewares/FreeRTOS/Source/CMSIS_RTOS_V2/cmsis_os2.o
 .debug_macro   0x00001b6e       0x74 ./Middlewares/FreeRTOS/Source/CMSIS_RTOS_V2/cmsis_os2.o
 .debug_macro   0x00001be2       0xf5 ./Middlewares/FreeRTOS/Source/CMSIS_RTOS_V2/cmsis_os2.o
 .debug_macro   0x00001cd7      0x16f ./Middlewares/FreeRTOS/Source/CMSIS_RTOS_V2/cmsis_os2.o
 .debug_macro   0x00001e46      0x15a ./Middlewares/FreeRTOS/Source/CMSIS_RTOS_V2/cmsis_os2.o
 .debug_macro   0x00001fa0       0xc9 ./Middlewares/FreeRTOS/Source/CMSIS_RTOS_V2/cmsis_os2.o
 .debug_macro   0x00002069       0x1c ./Middlewares/FreeRTOS/Source/CMSIS_RTOS_V2/cmsis_os2.o
 .debug_macro   0x00002085       0x26 ./Middlewares/FreeRTOS/Source/CMSIS_RTOS_V2/cmsis_os2.o
 .debug_macro   0x000020ab       0x16 ./Middlewares/FreeRTOS/Source/CMSIS_RTOS_V2/cmsis_os2.o
 .debug_macro   0x000020c1      0x4bf ./Middlewares/FreeRTOS/Source/CMSIS_RTOS_V2/cmsis_os2.o
 .debug_macro   0x00002580       0xb5 ./Middlewares/FreeRTOS/Source/CMSIS_RTOS_V2/cmsis_os2.o
 .debug_macro   0x00002635       0xaa ./Middlewares/FreeRTOS/Source/CMSIS_RTOS_V2/cmsis_os2.o
 .debug_macro   0x000026df       0x91 ./Middlewares/FreeRTOS/Source/CMSIS_RTOS_V2/cmsis_os2.o
 .debug_macro   0x00002770       0x8d ./Middlewares/FreeRTOS/Source/CMSIS_RTOS_V2/cmsis_os2.o
 .debug_macro   0x000027fd       0x9a ./Middlewares/FreeRTOS/Source/CMSIS_RTOS_V2/cmsis_os2.o
 .debug_macro   0x00002897       0x22 ./Middlewares/FreeRTOS/Source/CMSIS_RTOS_V2/cmsis_os2.o
 .debug_macro   0x000028b9       0x2e ./Middlewares/FreeRTOS/Source/CMSIS_RTOS_V2/cmsis_os2.o
 .debug_macro   0x000028e7       0x28 ./Middlewares/FreeRTOS/Source/CMSIS_RTOS_V2/cmsis_os2.o
 .debug_macro   0x0000290f       0x1c ./Middlewares/FreeRTOS/Source/CMSIS_RTOS_V2/cmsis_os2.o
 .debug_macro   0x0000292b       0x22 ./Middlewares/FreeRTOS/Source/CMSIS_RTOS_V2/cmsis_os2.o
 .debug_macro   0x0000294d     0x1011 ./Middlewares/FreeRTOS/Source/CMSIS_RTOS_V2/cmsis_os2.o
 .debug_macro   0x0000395e      0x11f ./Middlewares/FreeRTOS/Source/CMSIS_RTOS_V2/cmsis_os2.o
 .debug_macro   0x00003a7d    0x17fd8 ./Middlewares/FreeRTOS/Source/CMSIS_RTOS_V2/cmsis_os2.o
 .debug_macro   0x0001ba55       0x6d ./Middlewares/FreeRTOS/Source/CMSIS_RTOS_V2/cmsis_os2.o
 .debug_macro   0x0001bac2      0x199 ./Middlewares/FreeRTOS/Source/list.o
 .debug_macro   0x0001bc5b      0x228 ./Middlewares/FreeRTOS/Source/queue.o
 .debug_macro   0x0001be83       0x16 ./Middlewares/FreeRTOS/Source/queue.o
 .debug_macro   0x0001be99       0x87 ./Middlewares/FreeRTOS/Source/queue.o
 .debug_macro   0x0001bf20      0x291 ./Middlewares/FreeRTOS/Source/tasks.o
 .debug_macro   0x0001c1b1       0x10 ./Middlewares/FreeRTOS/Source/tasks.o
 .debug_macro   0x0001c1c1      0x1ee ./Middlewares/FreeRTOS/Source/timers.o
 .debug_macro   0x0001c3af       0x97 ./Middlewares/FreeRTOS/Source/timers.o
 .debug_macro   0x0001c446      0x233 ./Middlewares/FreeRTOS/Source/portable/GCC/ARM_CM4F/port.o
 .debug_macro   0x0001c679      0x1c0 ./Middlewares/FreeRTOS/Source/portable/MemMang/heap_4.o
 .debug_macro   0x0001c839       0xc9 ./Src/Peripherals/clock.o
 .debug_macro   0x0001c902       0xfb ./Src/Peripherals/clock.o
 .debug_macro   0x0001c9fd       0xc9 ./Src/Peripherals/gpio.o
 .debug_macro   0x0001cac6      0x1dd ./Src/Threads/basic_task.o
 .debug_macro   0x0001cca3      0x1fa ./Src/main.o
 .debug_macro   0x0001ce9d      0x16f ./Src/main.o
 .debug_macro   0x0001d00c       0xda ./Src/system_stm32f4xx.o

.debug_line     0x00000000     0xa23d
 .debug_line    0x00000000     0x21e2 ./Middlewares/FreeRTOS/Source/CMSIS_RTOS_V2/cmsis_os2.o
 .debug_line    0x000021e2      0x761 ./Middlewares/FreeRTOS/Source/list.o
 .debug_line    0x00002943     0x172b ./Middlewares/FreeRTOS/Source/queue.o
 .debug_line    0x0000406e     0x1e26 ./Middlewares/FreeRTOS/Source/tasks.o
 .debug_line    0x00005e94      0xde9 ./Middlewares/FreeRTOS/Source/timers.o
 .debug_line    0x00006c7d      0x96b ./Middlewares/FreeRTOS/Source/portable/GCC/ARM_CM4F/port.o
 .debug_line    0x000075e8      0x98c ./Middlewares/FreeRTOS/Source/portable/MemMang/heap_4.o
 .debug_line    0x00007f74      0x56b ./Src/Peripherals/clock.o
 .debug_line    0x000084df      0x574 ./Src/Peripherals/gpio.o
 .debug_line    0x00008a53      0x8a6 ./Src/Threads/basic_task.o
 .debug_line    0x000092f9      0x954 ./Src/main.o
 .debug_line    0x00009c4d      0x576 ./Src/system_stm32f4xx.o
 .debug_line    0x0000a1c3       0x7a ./Startup/startup_stm32f429xx.o

.debug_str      0x00000000    0xa1631
 .debug_str     0x00000000    0x9e804 ./Middlewares/FreeRTOS/Source/CMSIS_RTOS_V2/cmsis_os2.o
                              0x9ebd2 (size before relaxing)
 .debug_str     0x0009e804      0x203 ./Middlewares/FreeRTOS/Source/list.o
                               0xab32 (size before relaxing)
 .debug_str     0x0009ea07      0x886 ./Middlewares/FreeRTOS/Source/queue.o
                               0xc672 (size before relaxing)
 .debug_str     0x0009f28d     0x107b ./Middlewares/FreeRTOS/Source/tasks.o
                               0xd477 (size before relaxing)
 .debug_str     0x000a0308      0x5a3 ./Middlewares/FreeRTOS/Source/timers.o
                               0xcec3 (size before relaxing)
 .debug_str     0x000a08ab      0x777 ./Middlewares/FreeRTOS/Source/portable/GCC/ARM_CM4F/port.o
                               0xa2ea (size before relaxing)
 .debug_str     0x000a1022      0x318 ./Middlewares/FreeRTOS/Source/portable/MemMang/heap_4.o
                               0xb474 (size before relaxing)
 .debug_str     0x000a133a      0x120 ./Src/Peripherals/clock.o
                              0x930f5 (size before relaxing)
 .debug_str     0x000a145a       0x77 ./Src/Peripherals/gpio.o
                              0x9311a (size before relaxing)
 .debug_str     0x000a14d1       0x3e ./Src/Threads/basic_task.o
                              0x98c96 (size before relaxing)
 .debug_str     0x000a150f       0x4b ./Src/main.o
                              0x993d0 (size before relaxing)
 .debug_str     0x000a155a       0x9a ./Src/system_stm32f4xx.o
                              0x938f7 (size before relaxing)
 .debug_str     0x000a15f4       0x3d ./Startup/startup_stm32f429xx.o
                                 0xa0 (size before relaxing)

.comment        0x00000000       0x43
 .comment       0x00000000       0x43 ./Middlewares/FreeRTOS/Source/CMSIS_RTOS_V2/cmsis_os2.o
                                 0x44 (size before relaxing)
 .comment       0x00000043       0x44 ./Middlewares/FreeRTOS/Source/list.o
 .comment       0x00000043       0x44 ./Middlewares/FreeRTOS/Source/queue.o
 .comment       0x00000043       0x44 ./Middlewares/FreeRTOS/Source/tasks.o
 .comment       0x00000043       0x44 ./Middlewares/FreeRTOS/Source/timers.o
 .comment       0x00000043       0x44 ./Middlewares/FreeRTOS/Source/portable/GCC/ARM_CM4F/port.o
 .comment       0x00000043       0x44 ./Middlewares/FreeRTOS/Source/portable/MemMang/heap_4.o
 .comment       0x00000043       0x44 ./Src/Peripherals/clock.o
 .comment       0x00000043       0x44 ./Src/Peripherals/gpio.o
 .comment       0x00000043       0x44 ./Src/Threads/basic_task.o
 .comment       0x00000043       0x44 ./Src/main.o
 .comment       0x00000043       0x44 ./Src/system_stm32f4xx.o

.debug_frame    0x00000000     0x26f0
 .debug_frame   0x00000000      0xbe4 ./Middlewares/FreeRTOS/Source/CMSIS_RTOS_V2/cmsis_os2.o
 .debug_frame   0x00000be4       0xd8 ./Middlewares/FreeRTOS/Source/list.o
 .debug_frame   0x00000cbc      0x5ec ./Middlewares/FreeRTOS/Source/queue.o
 .debug_frame   0x000012a8      0x8f0 ./Middlewares/FreeRTOS/Source/tasks.o
 .debug_frame   0x00001b98      0x400 ./Middlewares/FreeRTOS/Source/timers.o
 .debug_frame   0x00001f98      0x1a8 ./Middlewares/FreeRTOS/Source/portable/GCC/ARM_CM4F/port.o
 .debug_frame   0x00002140      0x12c ./Middlewares/FreeRTOS/Source/portable/MemMang/heap_4.o
 .debug_frame   0x0000226c       0x2c ./Src/Peripherals/clock.o
 .debug_frame   0x00002298       0x50 ./Src/Peripherals/gpio.o
 .debug_frame   0x000022e8       0x2c ./Src/Threads/basic_task.o
 .debug_frame   0x00002314       0x2c ./Src/main.o
 .debug_frame   0x00002340       0x58 ./Src/system_stm32f4xx.o
 .debug_frame   0x00002398      0x144 /opt/st/stm32cubeide_1.16.1/plugins/com.st.stm32cube.ide.mcu.externaltools.gnu-tools-for-stm32.12.3.rel1.linux64_1.0.200.202406132123/tools/bin/../lib/gcc/arm-none-eabi/12.3.1/../../../../arm-none-eabi/lib/thumb/v7e-m+fp/hard/libc_nano.a(libc_a-findfp.o)
 .debug_frame   0x000024dc       0x20 /opt/st/stm32cubeide_1.16.1/plugins/com.st.stm32cube.ide.mcu.externaltools.gnu-tools-for-stm32.12.3.rel1.linux64_1.0.200.202406132123/tools/bin/../lib/gcc/arm-none-eabi/12.3.1/../../../../arm-none-eabi/lib/thumb/v7e-m+fp/hard/libc_nano.a(libc_a-memset.o)
 .debug_frame   0x000024fc       0x38 /opt/st/stm32cubeide_1.16.1/plugins/com.st.stm32cube.ide.mcu.externaltools.gnu-tools-for-stm32.12.3.rel1.linux64_1.0.200.202406132123/tools/bin/../lib/gcc/arm-none-eabi/12.3.1/../../../../arm-none-eabi/lib/thumb/v7e-m+fp/hard/libc_nano.a(libc_a-reent.o)
 .debug_frame   0x00002534       0x2c /opt/st/stm32cubeide_1.16.1/plugins/com.st.stm32cube.ide.mcu.externaltools.gnu-tools-for-stm32.12.3.rel1.linux64_1.0.200.202406132123/tools/bin/../lib/gcc/arm-none-eabi/12.3.1/../../../../arm-none-eabi/lib/thumb/v7e-m+fp/hard/libc_nano.a(libc_a-init.o)
 .debug_frame   0x00002560       0xb0 /opt/st/stm32cubeide_1.16.1/plugins/com.st.stm32cube.ide.mcu.externaltools.gnu-tools-for-stm32.12.3.rel1.linux64_1.0.200.202406132123/tools/bin/../lib/gcc/arm-none-eabi/12.3.1/../../../../arm-none-eabi/lib/thumb/v7e-m+fp/hard/libc_nano.a(libc_a-lock.o)
 .debug_frame   0x00002610       0x28 /opt/st/stm32cubeide_1.16.1/plugins/com.st.stm32cube.ide.mcu.externaltools.gnu-tools-for-stm32.12.3.rel1.linux64_1.0.200.202406132123/tools/bin/../lib/gcc/arm-none-eabi/12.3.1/../../../../arm-none-eabi/lib/thumb/v7e-m+fp/hard/libc_nano.a(libc_a-memcpy-stub.o)
 .debug_frame   0x00002638       0x38 /opt/st/stm32cubeide_1.16.1/plugins/com.st.stm32cube.ide.mcu.externaltools.gnu-tools-for-stm32.12.3.rel1.linux64_1.0.200.202406132123/tools/bin/../lib/gcc/arm-none-eabi/12.3.1/../../../../arm-none-eabi/lib/thumb/v7e-m+fp/hard/libc_nano.a(libc_a-freer.o)
 .debug_frame   0x00002670       0x50 /opt/st/stm32cubeide_1.16.1/plugins/com.st.stm32cube.ide.mcu.externaltools.gnu-tools-for-stm32.12.3.rel1.linux64_1.0.200.202406132123/tools/bin/../lib/gcc/arm-none-eabi/12.3.1/../../../../arm-none-eabi/lib/thumb/v7e-m+fp/hard/libc_nano.a(libc_a-mallocr.o)
 .debug_frame   0x000026c0       0x30 /opt/st/stm32cubeide_1.16.1/plugins/com.st.stm32cube.ide.mcu.externaltools.gnu-tools-for-stm32.12.3.rel1.linux64_1.0.200.202406132123/tools/bin/../lib/gcc/arm-none-eabi/12.3.1/../../../../arm-none-eabi/lib/thumb/v7e-m+fp/hard/libc_nano.a(libc_a-mlock.o)

.debug_line_str
                0x00000000       0x84
 .debug_line_str
                0x00000000       0x84 ./Startup/startup_stm32f429xx.o
